Microchip MPLAB XC8 Compiler V2.31

Linker command line:

-W-3 --edf=C:\Program Files\Microchip\xc8\v2.31\pic\dat\en_msgs.txt -cn \
  -h+dist/default/production\Clock_HPC.X.production.sym \
  --cmf=dist/default/production\Clock_HPC.X.production.cmf -z -Q16F18875 \
  -oC:\Users\swern\AppData\Local\Temp\s4h8.2 --defsym=__MPLAB_BUILD=1 \
  -Mdist/default/production/Clock_HPC.X.production.map -E1 \
  -ver=XC8 Compiler --acfsm=1493 -ASTACK=020C0h-023EFh -pstack=STACK \
  -ACODE=00h-07FFhx4 -ASTRCODE=00h-01FFFh -ASTRING=00h-0FFhx32 \
  -ACONST=00h-0FFhx32 -AENTRY=00h-0FFhx32 -ACOMMON=070h-07Fh \
  -ABANK0=020h-06Fh -ABANK1=0A0h-0EFh -ABANK2=0120h-016Fh \
  -ABANK3=01A0h-01EFh -ABANK4=0220h-026Fh -ABANK5=02A0h-02EFh \
  -ABANK6=0320h-036Fh -ABANK7=03A0h-03EFh -ABANK8=0420h-046Fh \
  -ABANK9=04A0h-04EFh -ABANK10=0520h-056Fh -ABANK11=05A0h-05EFh \
  -ABANK12=0620h-064Fh -ABIGRAM=02000h-023EFh \
  -ARAM=020h-06Fh,0A0h-0EFh,0120h-016Fh,01A0h-01EFh,0220h-026Fh,02A0h-02EFh,0320h-036Fh,03A0h-03EFh,0420h-046Fh,04A0h-04EFh,0520h-056Fh,05A0h-05EFh,0620h-064Fh \
  -AABS1=020h-07Fh,0A0h-0EFh,0120h-016Fh,01A0h-01EFh,0220h-026Fh,02A0h-02EFh,0320h-036Fh,03A0h-03EFh,0420h-046Fh,04A0h-04EFh,0520h-056Fh,05A0h-05EFh,0620h-064Fh \
  -ASFR0=00h-01Fh -ASFR1=080h-09Fh -ASFR2=0100h-011Fh -ASFR3=0180h-019Fh \
  -ASFR4=0200h-021Fh -ASFR5=0280h-029Fh -ASFR6=0300h-031Fh \
  -ASFR7=0380h-039Fh -ASFR8=0400h-041Fh -ASFR9=0480h-049Fh \
  -ASFR10=0500h-051Fh -ASFR11=0580h-059Fh -ASFR12=0600h-061Fh \
  -ASFR13=0680h-06EFh -ASFR14=0700h-076Fh -ASFR15=0780h-07EFh \
  -ASFR16=0800h-086Fh -ASFR17=0880h-08EFh -ASFR18=0900h-096Fh \
  -ASFR19=0980h-09EFh -ASFR20=0A00h-0A6Fh -ASFR21=0A80h-0AEFh \
  -ASFR22=0B00h-0B6Fh -ASFR23=0B80h-0BEFh -ASFR24=0C00h-0C6Fh \
  -ASFR25=0C80h-0CEFh -ASFR26=0D00h-0D6Fh -ASFR27=0D80h-0DEFh \
  -ASFR28=0E00h-0E6Fh -ASFR29=0E80h-0EEFh -ASFR30=0F00h-0F6Fh \
  -ASFR31=0F80h-0FEFh -ACONFIG=08007h-0800Bh -DCONFIG=2 \
  -AIDLOC=08000h-08003h -DIDLOC=2 -AEEDATA=00h-0FFh/0F000h \
  -peeprom_data=EEDATA -DEEDATA=2 -DCODE=2 -DSTRCODE=2 -DSTRING=2 -DCONST=2 \
  -DENTRY=2 -preset_vec=00h,intentry,init,end_init -ppowerup=CODE \
  -pcinit=CODE -pfunctab=ENTRY -k C:\Users\swern\AppData\Local\Temp\s4h8.o \
  dist/default/production\Clock_HPC.X.production.o 

Object code version is 3.11

Machine type is 16F18875



                Name                               Link     Load   Length Selector   Space Scale
C:\Users\swern\AppData\Local\Temp\s4h8.o
                end_init                              2        2        2        0       0
                reset_vec                             0        0        2        0       0
                config                             8007     8007        5        0       4
dist/default/production\Clock_HPC.X.production.o
                cinit                               7D9      7D9       27      FB2       0
                config                             8007     8007        5        0       4
                text67                              38C      38C        A      718       0
                text66                              37A      37A        9      6F4       0
                text65                              691      691       47      D22       0
                text64                              36A      36A        8      6D4       0
                text63                              3A1      3A1        C      742       0
                text62                              2E9      2E9        3      5D2       0
                text61                              2EC      2EC        3      5D8       0
                text60                              2EF      2EF        3      5DE       0
                text59                              4D5      4D5       1C      9AA       0
                text58                              2F2      2F2        3      5E4       0
                text57                              2F5      2F5        3      5EA       0
                text56                              2F8      2F8        3      5F0       0
                text55                              3E2      3E2       10      7C4       0
                text54                              532      532       26      A64       0
                text53                              3AD      3AD        D      75A       0
                text52                              3F2      3F2       11      7E4       0
                text51                              403      403       11      806       0
                text50                              414      414       11      828       0
                text49                              425      425       11      84A       0
                text48                              436      436       11      86C       0
                text47                              48D      48D       18      91A       0
                text46                              447      447       11      88E       0
                text45                              458      458       11      8B0       0
                text44                              469      469       11      8D2       0
                text43                              4A5      4A5       18      94A       0
                text42                              2E5      2E5        2      5CA       0
                text41                              2E7      2E7        2      5CE       0
                text40                              2FB      2FB        3      5F6       0
                text39                              30D      30D        4      61A       0
                text38                              2FE      2FE        3      5FC       0
                text37                              311      311        4      622       0
                text36                              315      315        5      62A       0
                text35                              351      351        6      6A2       0
                text34                              301      301        3      602       0
                text33                              5AF      5AF       2F      B5E       0
                text32                              31A      31A        5      634       0
                text31                              383      383        9      706       0
                text30                              372      372        8      6E4       0
                text29                              728      728       55      E50       0
                text28                              64B      64B       46      C96       0
                text27                              363      363        7      6C6       0
                text26                              31F      31F        5      63E       0
                text25                              324      324        5      648       0
                text24                              329      329        5      652       0
                text23                              32E      32E        5      65C       0
                text22                              333      333        5      666       0
                text21                              338      338        5      670       0
                text20                              33D      33D        5      67A       0
                text19                              342      342        5      684       0
                text18                              583      583       2C      B06       0
                text17                              558      558       2B      AB0       0
                text16                              357      357        6      6AE       0
                text15                              3BA      3BA        D      774       0
                text14                              4F1      4F1       1F      9E2       0
                text13                              347      347        5      68E       0
                text12                              3D4      3D4        E      7A8       0
                text11                              611      611       3A      C22       0
                text10                              3C7      3C7        D      78E       0
                text9                               6D8      6D8       50      DB0       0
                text8                               396      396        B      72C       0
                text7                               5DE      5DE       33      BBC       0
                text6                               4BD      4BD       18      97A       0
                text5                               77D      77D       5C      EFA       0
                text4                               47A      47A       13      8F4       0
                text3                               34C      34C        5      698       0
                text2                               304      304        3      608       0
                text1                               307      307        3      60E       0
                maintext                            510      510       22      A20       0
                cstackBANK0                          59       59       11       20       1
                cstackCOMMON                         70       70        E       70       1
                clrtext                             35D      35D        6      6BA       0
                bssBANK2                            120      120       20      120       1
                bssBANK1                             A0       A0       4F       A0       1
                dataBANK0                            6A       6A        3       20       1
                bssBANK0                             20       20       39       20       1
                stringtext4                         830      830       23     1000       0
                stringtext3                         873      873        C     1000       0
                stringtext2                         853      853       20     1000       0
                stringtext1                         800      800       30     1000       0
                idataBANK0                          30A      30A        3      614       0

TOTAL           Name                               Link     Load   Length     Space
        CLASS   STACK          

        CLASS   CODE           
                end_init                              2        2        2         0
                cinit                               7D9      7D9       27         0
                reset_vec                             0        0        2         0
                text67                              38C      38C        A         0
                text66                              37A      37A        9         0
                text65                              691      691       47         0
                text64                              36A      36A        8         0
                text63                              3A1      3A1        C         0
                text62                              2E9      2E9        3         0
                text61                              2EC      2EC        3         0
                text60                              2EF      2EF        3         0
                text59                              4D5      4D5       1C         0
                text58                              2F2      2F2        3         0
                text57                              2F5      2F5        3         0
                text56                              2F8      2F8        3         0
                text55                              3E2      3E2       10         0
                text54                              532      532       26         0
                text53                              3AD      3AD        D         0
                text52                              3F2      3F2       11         0
                text51                              403      403       11         0
                text50                              414      414       11         0
                text49                              425      425       11         0
                text48                              436      436       11         0
                text47                              48D      48D       18         0
                text46                              447      447       11         0
                text45                              458      458       11         0
                text44                              469      469       11         0
                text43                              4A5      4A5       18         0
                text42                              2E5      2E5        2         0
                text41                              2E7      2E7        2         0
                text40                              2FB      2FB        3         0
                text39                              30D      30D        4         0
                text38                              2FE      2FE        3         0
                text37                              311      311        4         0
                text36                              315      315        5         0
                text35                              351      351        6         0
                text34                              301      301        3         0
                text33                              5AF      5AF       2F         0
                text32                              31A      31A        5         0
                text31                              383      383        9         0
                text30                              372      372        8         0
                text29                              728      728       55         0
                text28                              64B      64B       46         0
                text27                              363      363        7         0
                text26                              31F      31F        5         0
                text25                              324      324        5         0
                text24                              329      329        5         0
                text23                              32E      32E        5         0
                text22                              333      333        5         0
                text21                              338      338        5         0
                text20                              33D      33D        5         0
                text19                              342      342        5         0
                text18                              583      583       2C         0
                text17                              558      558       2B         0
                text16                              357      357        6         0
                text15                              3BA      3BA        D         0
                text14                              4F1      4F1       1F         0
                text13                              347      347        5         0
                text12                              3D4      3D4        E         0
                text11                              611      611       3A         0
                text10                              3C7      3C7        D         0
                text9                               6D8      6D8       50         0
                text8                               396      396        B         0
                text7                               5DE      5DE       33         0
                text6                               4BD      4BD       18         0
                text5                               77D      77D       5C         0
                text4                               47A      47A       13         0
                text3                               34C      34C        5         0
                text2                               304      304        3         0
                text1                               307      307        3         0
                maintext                            510      510       22         0
                clrtext                             35D      35D        6         0
                idataBANK0                          30A      30A        3         0

        CLASS   STRCODE        
                stringtext4                         830      830       23         0
                stringtext3                         873      873        C         0
                stringtext2                         853      853       20         0
                stringtext1                         800      800       30         0

        CLASS   STRING         

        CLASS   CONST          

        CLASS   ENTRY          

        CLASS   COMMON         
                cstackCOMMON                         70       70        E         1

        CLASS   BANK0          
                cstackBANK0                          59       59       11         1
                dataBANK0                            6A       6A        3         1
                bssBANK0                             20       20       39         1

        CLASS   BANK1          
                bssBANK1                             A0       A0       4F         1

        CLASS   BANK2          
                bssBANK2                            120      120       20         1

        CLASS   BANK3          

        CLASS   BANK4          

        CLASS   BANK5          

        CLASS   BANK6          

        CLASS   BANK7          

        CLASS   BANK8          

        CLASS   BANK9          

        CLASS   BANK10         

        CLASS   BANK11         

        CLASS   BANK12         

        CLASS   BIGRAM         

        CLASS   RAM            

        CLASS   ABS1           
                abs_s1                               7E       7E        2         1

        CLASS   SFR0           

        CLASS   SFR1           

        CLASS   SFR2           

        CLASS   SFR3           

        CLASS   SFR4           

        CLASS   SFR5           

        CLASS   SFR6           

        CLASS   SFR7           

        CLASS   SFR8           

        CLASS   SFR9           

        CLASS   SFR10          

        CLASS   SFR11          

        CLASS   SFR12          

        CLASS   SFR13          

        CLASS   SFR14          

        CLASS   SFR15          

        CLASS   SFR16          

        CLASS   SFR17          

        CLASS   SFR18          

        CLASS   SFR19          

        CLASS   SFR20          

        CLASS   SFR21          

        CLASS   SFR22          

        CLASS   SFR23          

        CLASS   SFR24          

        CLASS   SFR25          

        CLASS   SFR26          

        CLASS   SFR27          

        CLASS   SFR28          

        CLASS   SFR29          

        CLASS   SFR30          

        CLASS   SFR31          

        CLASS   CONFIG         
                config                             8007     8007        5         4

        CLASS   IDLOC          

        CLASS   EEDATA         

        CLASS   BANK31         

        CLASS   BANK30         

        CLASS   BANK29         

        CLASS   BANK28         

        CLASS   BANK27         

        CLASS   BANK26         

        CLASS   BANK25         

        CLASS   BANK24         

        CLASS   BANK23         

        CLASS   BANK22         

        CLASS   BANK21         

        CLASS   BANK20         

        CLASS   BANK19         

        CLASS   BANK18         

        CLASS   BANK17         

        CLASS   BANK16         

        CLASS   BANK15         

        CLASS   BANK14         

        CLASS   BANK13         



SEGMENTS        Name                           Load    Length   Top    Selector   Space  Class     Delta

                reset_vec                      000000  000004  000004         0       0  CODE        2
                bssBANK0                       000020  00004D  00006D        20       1  BANK0       1
                cstackCOMMON                   000070  00000E  00007E        70       1  COMMON      1
                bssBANK1                       0000A0  00004F  0000EF        A0       1  BANK1       1
                bssBANK2                       000120  000020  000140       120       1  BANK2       1
                text42                         0002E5  000002  0002E7       5CA       0  CODE        2
                text41                         0002E7  000002  0002E9       5CE       0  CODE        2
                text62                         0002E9  000003  0002EC       5D2       0  CODE        2
                text61                         0002EC  000003  0002EF       5D8       0  CODE        2
                text60                         0002EF  000003  0002F2       5DE       0  CODE        2
                text58                         0002F2  000003  0002F5       5E4       0  CODE        2
                text57                         0002F5  000003  0002F8       5EA       0  CODE        2
                text56                         0002F8  000003  0002FB       5F0       0  CODE        2
                text40                         0002FB  000003  0002FE       5F6       0  CODE        2
                text38                         0002FE  000003  000301       5FC       0  CODE        2
                text34                         000301  000003  000304       602       0  CODE        2
                text2                          000304  000003  000307       608       0  CODE        2
                text1                          000307  000003  00030A       60E       0  CODE        2
                idataBANK0                     00030A  000003  00030D       614       0  CODE        2
                text39                         00030D  000004  000311       61A       0  CODE        2
                text37                         000311  000004  000315       622       0  CODE        2
                text36                         000315  000005  00031A       62A       0  CODE        2
                text32                         00031A  000005  00031F       634       0  CODE        2
                text26                         00031F  000005  000324       63E       0  CODE        2
                text25                         000324  000005  000329       648       0  CODE        2
                text24                         000329  000005  00032E       652       0  CODE        2
                text23                         00032E  000005  000333       65C       0  CODE        2
                text22                         000333  000005  000338       666       0  CODE        2
                text21                         000338  000005  00033D       670       0  CODE        2
                text20                         00033D  000005  000342       67A       0  CODE        2
                text19                         000342  000005  000347       684       0  CODE        2
                text13                         000347  000005  00034C       68E       0  CODE        2
                text3                          00034C  000005  000351       698       0  CODE        2
                text35                         000351  000006  000357       6A2       0  CODE        2
                text16                         000357  000006  00035D       6AE       0  CODE        2
                clrtext                        00035D  000006  000363       6BA       0  CODE        2
                text27                         000363  000007  00036A       6C6       0  CODE        2
                text64                         00036A  000008  000372       6D4       0  CODE        2
                text30                         000372  000008  00037A       6E4       0  CODE        2
                text66                         00037A  000009  000383       6F4       0  CODE        2
                text31                         000383  000009  00038C       706       0  CODE        2
                text67                         00038C  00000A  000396       718       0  CODE        2
                text8                          000396  00000B  0003A1       72C       0  CODE        2
                text63                         0003A1  00000C  0003AD       742       0  CODE        2
                text53                         0003AD  00000D  0003BA       75A       0  CODE        2
                text15                         0003BA  00000D  0003C7       774       0  CODE        2
                text10                         0003C7  00000D  0003D4       78E       0  CODE        2
                text12                         0003D4  00000E  0003E2       7A8       0  CODE        2
                text55                         0003E2  000010  0003F2       7C4       0  CODE        2
                text52                         0003F2  000011  000403       7E4       0  CODE        2
                text51                         000403  000011  000414       806       0  CODE        2
                text50                         000414  000011  000425       828       0  CODE        2
                text49                         000425  000011  000436       84A       0  CODE        2
                text48                         000436  000011  000447       86C       0  CODE        2
                text46                         000447  000011  000458       88E       0  CODE        2
                text45                         000458  000011  000469       8B0       0  CODE        2
                text44                         000469  000011  00047A       8D2       0  CODE        2
                text4                          00047A  000013  00048D       8F4       0  CODE        2
                text47                         00048D  000018  0004A5       91A       0  CODE        2
                text43                         0004A5  000018  0004BD       94A       0  CODE        2
                text6                          0004BD  000018  0004D5       97A       0  CODE        2
                text59                         0004D5  00001C  0004F1       9AA       0  CODE        2
                text14                         0004F1  00001F  000510       9E2       0  CODE        2
                maintext                       000510  000022  000532       A20       0  CODE        2
                text54                         000532  000026  000558       A64       0  CODE        2
                text17                         000558  00002B  000583       AB0       0  CODE        2
                text18                         000583  00002C  0005AF       B06       0  CODE        2
                text33                         0005AF  00002F  0005DE       B5E       0  CODE        2
                text7                          0005DE  000033  000611       BBC       0  CODE        2
                text11                         000611  00003A  00064B       C22       0  CODE        2
                text28                         00064B  000046  000691       C96       0  CODE        2
                text65                         000691  000047  0006D8       D22       0  CODE        2
                text9                          0006D8  000050  000728       DB0       0  CODE        2
                text29                         000728  000055  00077D       E50       0  CODE        2
                text5                          00077D  00005C  0007D9       EFA       0  CODE        2
                cinit                          0007D9  000027  000800       FB2       0  CODE        2
                stringtext1                    000800  00007F  00087F      1000       0  STRCODE     2


UNUSED ADDRESS RANGES

        Name                Unused          Largest block    Delta
        BANK0            0006D-0006F               3           1
        BANK1            000EF-000EF               1           1
        BANK10           00520-0056F              50           1
        BANK11           005A0-005EF              50           1
        BANK12           00620-0064F              30           1
        BANK2            00140-0016F              30           1
        BANK3            001A0-001EF              50           1
        BANK4            00220-0026F              50           1
        BANK5            002A0-002EF              50           1
        BANK6            00320-0036F              50           1
        BANK7            003A0-003EF              50           1
        BANK8            00420-0046F              50           1
        BANK9            004A0-004EF              50           1
        BIGRAM           02000-023EF             3F0           1
        CODE             00004-002E4             2E1           2
                         0087F-01FFF             800
        CONST            00004-002E4             100           2
                         0087F-01FFF             100
        EEDATA           0F000-0F0FF             100           2
        ENTRY            00004-002E4             100           2
                         0087F-01FFF             100
        IDLOC            08000-08003               4           2
        RAM              0006D-0006F               3           1
                         000EF-000EF               1
                         00140-0016F              30
                         001A0-001EF              50
                         00220-0026F              50
                         002A0-002EF              50
                         00320-0036F              50
                         003A0-003EF              50
                         00420-0046F              50
                         004A0-004EF              50
                         00520-0056F              50
                         005A0-005EF              50
                         00620-0064F              30
        SFR0             00000-0001F              20           1
        SFR1             00080-0009F              20           1
        SFR10            00500-0051F              20           1
        SFR11            00580-0059F              20           1
        SFR12            00600-0061F              20           1
        SFR13            00680-006EF              70           1
        SFR14            00700-0076F              70           1
        SFR15            00780-007EF              70           1
        SFR16            00800-0086F              70           1
        SFR17            00880-008EF              70           1
        SFR18            00900-0096F              70           1
        SFR19            00980-009EF              70           1
        SFR2             00100-0011F              20           1
        SFR20            00A00-00A6F              70           1
        SFR21            00A80-00AEF              70           1
        SFR22            00B00-00B6F              70           1
        SFR23            00B80-00BEF              70           1
        SFR24            00C00-00C6F              70           1
        SFR25            00C80-00CEF              70           1
        SFR26            00D00-00D6F              70           1
        SFR27            00D80-00DEF              70           1
        SFR28            00E00-00E6F              70           1
        SFR29            00E80-00EEF              70           1
        SFR3             00180-0019F              20           1
        SFR30            00F00-00F6F              70           1
        SFR31            00F80-00FEF              70           1
        SFR4             00200-0021F              20           1
        SFR5             00280-0029F              20           1
        SFR6             00300-0031F              20           1
        SFR7             00380-0039F              20           1
        SFR8             00400-0041F              20           1
        SFR9             00480-0049F              20           1
        STACK            020C0-023EF             330           1
        STRCODE          00004-002E4             2E1           2
                         0087F-01FFF            1781
        STRING           00004-002E4             100           2
                         0087F-01FFF             100

                                  Symbol Table

I2C1_CallbackReturnReset@funPtr                            cstackCOMMON 00079
I2C1_Close@returnValue                                     cstackCOMMON 00071
I2C1_MasterOperation@read                                  cstackBANK0  0005C
I2C1_MasterOperation@returnValue                           cstackBANK0  0005D
I2C1_MasterSendTxData@data                                 cstackCOMMON 00070
I2C1_Open@address                                          cstackCOMMON 00071
I2C1_Open@returnValue                                      cstackCOMMON 00072
I2C1_SetAddressNackCallback@cb                             cstackCOMMON 00075
I2C1_SetAddressNackCallback@ptr                            cstackCOMMON 00077
I2C1_SetBuffer@buffer                                      cstackCOMMON 00073
I2C1_SetBuffer@bufferSize                                  cstackCOMMON 00070
I2C1_SetCallback@cb                                        cstackCOMMON 00070
I2C1_SetCallback@idx                                       cstackCOMMON 00074
I2C1_SetCallback@ptr                                       cstackCOMMON 00072
I2C1_SetDataCompleteCallback@cb                            cstackCOMMON 00075
I2C1_SetDataCompleteCallback@ptr                           cstackCOMMON 00077
_ANSELA                                                    (abs)        00F38
_ANSELB                                                    (abs)        00F43
_ANSELC                                                    (abs)        00F4E
_ANSELD                                                    (abs)        00F59
_ANSELE                                                    (abs)        00F64
_I2C1_CallbackReturnReset                                  text41       002E7
_I2C1_CallbackReturnStop                                   text42       002E5
_I2C1_Close                                                text59       004D5
_I2C1_DO_ADDRESS_NACK                                      text18       00583
_I2C1_DO_IDLE                                              text32       0031A
_I2C1_DO_RCEN                                              text27       00363
_I2C1_DO_RESET                                             text19       00342
_I2C1_DO_RX                                                text28       0064B
_I2C1_DO_RX_ACK                                            text22       00333
_I2C1_DO_RX_NACK_RESTART                                   text20       0033D
_I2C1_DO_RX_NACK_STOP                                      text21       00338
_I2C1_DO_SEND_ADR_READ                                     text31       00383
_I2C1_DO_SEND_ADR_WRITE                                    text30       00372
_I2C1_DO_SEND_RESTART                                      text24       00329
_I2C1_DO_SEND_RESTART_READ                                 text26       0031F
_I2C1_DO_SEND_RESTART_WRITE                                text25       00324
_I2C1_DO_SEND_STOP                                         text23       0032E
_I2C1_DO_TX                                                text29       00728
_I2C1_DO_TX_EMPTY                                          text33       005AF
_I2C1_Initialize                                           text67       0038C
_I2C1_MasterClearIrq                                       text62       002E9
_I2C1_MasterClose                                          text61       002EC
_I2C1_MasterDisableIrq                                     text60       002EF
_I2C1_MasterEnableRestart                                  text57       002F5
_I2C1_MasterFsm                                            text17       00558
_I2C1_MasterGetRxData                                      text38       002FE
_I2C1_MasterIsNack                                         text35       00351
_I2C1_MasterOpen                                           text12       003D4
_I2C1_MasterOperation                                      text14       004F1
_I2C1_MasterSendAck                                        text37       00311
_I2C1_MasterSendNack                                       text39       0030D
_I2C1_MasterSendTxData                                     text36       00315
_I2C1_MasterSetIrq                                         text34       00301
_I2C1_MasterStart                                          text58       002F2
_I2C1_MasterStartRx                                        text40       002FB
_I2C1_MasterStop                                           text56       002F8
_I2C1_MasterWaitForEvent                                   text16       00357
_I2C1_MasterWrite                                          text13       00347
_I2C1_Open                                                 text11       00611
_I2C1_Poller                                               text15       003BA
_I2C1_SetAddressNackCallback                               text10       003C7
_I2C1_SetBuffer                                            text55       003E2
_I2C1_SetCallback                                          text54       00532
_I2C1_SetDataCompleteCallback                              text53       003AD
_I2C1_Status                                               bssBANK0     00020
_INLVLA                                                    (abs)        00F3C
_INLVLB                                                    (abs)        00F47
_INLVLC                                                    (abs)        00F52
_INLVLD                                                    (abs)        00F5D
_INLVLE                                                    (abs)        00F68
_LATA                                                      (abs)        00016
_LATAbits                                                  (abs)        00016
_LATB                                                      (abs)        00017
_LATC                                                      (abs)        00018
_LATD                                                      (abs)        00019
_LATE                                                      (abs)        0001A
_ODCONA                                                    (abs)        00F3A
_ODCONB                                                    (abs)        00F45
_ODCONC                                                    (abs)        00F50
_ODCOND                                                    (abs)        00F5B
_ODCONE                                                    (abs)        00F66
_OSCCON1                                                   (abs)        0088D
_OSCCON3                                                   (abs)        0088F
_OSCEN                                                     (abs)        00891
_OSCFRQ                                                    (abs)        00893
_OSCILLATOR_Initialize                                     text66       0037A
_OSCTUNE                                                   (abs)        00892
_PIE3bits                                                  (abs)        00719
_PIN_MANAGER_Initialize                                    text65       00691
_PIR0bits                                                  (abs)        0070C
_PIR3bits                                                  (abs)        0070F
_PMD0                                                      (abs)        00796
_PMD1                                                      (abs)        00797
_PMD2                                                      (abs)        00798
_PMD3                                                      (abs)        00799
_PMD4                                                      (abs)        0079A
_PMD5                                                      (abs)        0079B
_PMD_Initialize                                            text64       0036A
_RC3PPS                                                    (abs)        00F23
_RC4PPS                                                    (abs)        00F24
_SLRCONA                                                   (abs)        00F3B
_SLRCONB                                                   (abs)        00F46
_SLRCONC                                                   (abs)        00F51
_SLRCOND                                                   (abs)        00F5C
_SLRCONE                                                   (abs)        00F67
_SSP1ADD                                                   (abs)        0018D
_SSP1BUF                                                   (abs)        0018C
_SSP1CLKPPS                                                (abs)        00EC5
_SSP1CON1                                                  (abs)        00190
_SSP1CON1bits                                              (abs)        00190
_SSP1CON2                                                  (abs)        00191
_SSP1CON2bits                                              (abs)        00191
_SSP1DATPPS                                                (abs)        00EC6
_SSP1STAT                                                  (abs)        0018F
_SSP1STATbits                                              (abs)        0018F
_STATUS                                                    (abs)        00003
_SYSTEM_Initialize                                         text4        0047A
_T0CON0                                                    (abs)        0001E
_T0CON0bits                                                (abs)        0001E
_T0CON1                                                    (abs)        0001F
_TMR0H                                                     (abs)        0001D
_TMR0L                                                     (abs)        0001C
_TMR0_HasOverflowOccured                                   text3        0034C
_TMR0_Initialize                                           text63       003A1
_TMR0_StartTimer                                           text2        00304
_TMR0_StopTimer                                            text1        00307
_TRISA                                                     (abs)        00011
_TRISB                                                     (abs)        00012
_TRISC                                                     (abs)        00013
_TRISD                                                     (abs)        00014
_TRISE                                                     (abs)        00015
_WPUA                                                      (abs)        00F39
_WPUB                                                      (abs)        00F44
_WPUC                                                      (abs)        00F4F
_WPUD                                                      (abs)        00F5A
_WPUE                                                      (abs)        00F65
__Habs1                                                    abs1         00000
__Hbank0                                                   bank0        00000
__Hbank1                                                   bank1        00000
__Hbank10                                                  bank10       00000
__Hbank11                                                  bank11       00000
__Hbank12                                                  bank12       00000
__Hbank13                                                  bank13       00000
__Hbank14                                                  bank14       00000
__Hbank15                                                  bank15       00000
__Hbank16                                                  bank16       00000
__Hbank17                                                  bank17       00000
__Hbank18                                                  bank18       00000
__Hbank19                                                  bank19       00000
__Hbank2                                                   bank2        00000
__Hbank20                                                  bank20       00000
__Hbank21                                                  bank21       00000
__Hbank22                                                  bank22       00000
__Hbank23                                                  bank23       00000
__Hbank24                                                  bank24       00000
__Hbank25                                                  bank25       00000
__Hbank26                                                  bank26       00000
__Hbank27                                                  bank27       00000
__Hbank28                                                  bank28       00000
__Hbank29                                                  bank29       00000
__Hbank3                                                   bank3        00000
__Hbank30                                                  bank30       00000
__Hbank31                                                  bank31       00000
__Hbank4                                                   bank4        00000
__Hbank5                                                   bank5        00000
__Hbank6                                                   bank6        00000
__Hbank7                                                   bank7        00000
__Hbank8                                                   bank8        00000
__Hbank9                                                   bank9        00000
__Hbigram                                                  bigram       00000
__HbssBANK0                                                bssBANK0     00000
__HbssBANK1                                                bssBANK1     00000
__HbssBANK2                                                bssBANK2     00000
__Hcinit                                                   cinit        00800
__Hclrtext                                                 clrtext      00000
__Hcode                                                    code         00000
__Hcommon                                                  common       00000
__Hconfig                                                  config       0800C
__HcstackBANK0                                             cstackBANK0  00000
__HcstackCOMMON                                            cstackCOMMON 00000
__HdataBANK0                                               dataBANK0    00000
__Heeprom_data                                             eeprom_data  00000
__Hend_init                                                end_init     00004
__Hfunctab                                                 functab      00000
__HidataBANK0                                              idataBANK0   00000
__Hinit                                                    init         00002
__Hintentry                                                intentry     00002
__Hmaintext                                                maintext     00000
__Hpowerup                                                 powerup      00000
__Hram                                                     ram          00000
__Hreset_vec                                               reset_vec    00002
__Hsfr0                                                    sfr0         00000
__Hsfr1                                                    sfr1         00000
__Hsfr10                                                   sfr10        00000
__Hsfr11                                                   sfr11        00000
__Hsfr12                                                   sfr12        00000
__Hsfr13                                                   sfr13        00000
__Hsfr14                                                   sfr14        00000
__Hsfr15                                                   sfr15        00000
__Hsfr16                                                   sfr16        00000
__Hsfr17                                                   sfr17        00000
__Hsfr18                                                   sfr18        00000
__Hsfr19                                                   sfr19        00000
__Hsfr2                                                    sfr2         00000
__Hsfr20                                                   sfr20        00000
__Hsfr21                                                   sfr21        00000
__Hsfr22                                                   sfr22        00000
__Hsfr23                                                   sfr23        00000
__Hsfr24                                                   sfr24        00000
__Hsfr25                                                   sfr25        00000
__Hsfr26                                                   sfr26        00000
__Hsfr27                                                   sfr27        00000
__Hsfr28                                                   sfr28        00000
__Hsfr29                                                   sfr29        00000
__Hsfr3                                                    sfr3         00000
__Hsfr30                                                   sfr30        00000
__Hsfr31                                                   sfr31        00000
__Hsfr4                                                    sfr4         00000
__Hsfr5                                                    sfr5         00000
__Hsfr6                                                    sfr6         00000
__Hsfr7                                                    sfr7         00000
__Hsfr8                                                    sfr8         00000
__Hsfr9                                                    sfr9         00000
__Hspace_0                                                 (abs)        0087F
__Hspace_1                                                 (abs)        00140
__Hspace_2                                                 (abs)        00000
__Hspace_3                                                 (abs)        00000
__Hspace_4                                                 (abs)        10013
__Hstack                                                   stack        00000
__Hstrings                                                 strings      00000
__Hstringtext1                                             stringtext1  00000
__Hstringtext2                                             stringtext2  00000
__Hstringtext3                                             stringtext3  00000
__Hstringtext4                                             stringtext4  00000
__Hstringtext5                                             stringtext5  00000
__Htext                                                    text         00000
__Labs1                                                    abs1         00000
__Lbank0                                                   bank0        00000
__Lbank1                                                   bank1        00000
__Lbank10                                                  bank10       00000
__Lbank11                                                  bank11       00000
__Lbank12                                                  bank12       00000
__Lbank13                                                  bank13       00000
__Lbank14                                                  bank14       00000
__Lbank15                                                  bank15       00000
__Lbank16                                                  bank16       00000
__Lbank17                                                  bank17       00000
__Lbank18                                                  bank18       00000
__Lbank19                                                  bank19       00000
__Lbank2                                                   bank2        00000
__Lbank20                                                  bank20       00000
__Lbank21                                                  bank21       00000
__Lbank22                                                  bank22       00000
__Lbank23                                                  bank23       00000
__Lbank24                                                  bank24       00000
__Lbank25                                                  bank25       00000
__Lbank26                                                  bank26       00000
__Lbank27                                                  bank27       00000
__Lbank28                                                  bank28       00000
__Lbank29                                                  bank29       00000
__Lbank3                                                   bank3        00000
__Lbank30                                                  bank30       00000
__Lbank31                                                  bank31       00000
__Lbank4                                                   bank4        00000
__Lbank5                                                   bank5        00000
__Lbank6                                                   bank6        00000
__Lbank7                                                   bank7        00000
__Lbank8                                                   bank8        00000
__Lbank9                                                   bank9        00000
__Lbigram                                                  bigram       00000
__LbssBANK0                                                bssBANK0     00000
__LbssBANK1                                                bssBANK1     00000
__LbssBANK2                                                bssBANK2     00000
__Lcinit                                                   cinit        007D9
__Lclrtext                                                 clrtext      00000
__Lcode                                                    code         00000
__Lcommon                                                  common       00000
__Lconfig                                                  config       00000
__LcstackBANK0                                             cstackBANK0  00000
__LcstackCOMMON                                            cstackCOMMON 00000
__LdataBANK0                                               dataBANK0    00000
__Leeprom_data                                             eeprom_data  00000
__Lend_init                                                end_init     00002
__Lfunctab                                                 functab      00000
__LidataBANK0                                              idataBANK0   00000
__Linit                                                    init         00002
__Lintentry                                                intentry     00002
__Lmaintext                                                maintext     00000
__Lpowerup                                                 powerup      00000
__Lram                                                     ram          00000
__Lreset_vec                                               reset_vec    00000
__Lsfr0                                                    sfr0         00000
__Lsfr1                                                    sfr1         00000
__Lsfr10                                                   sfr10        00000
__Lsfr11                                                   sfr11        00000
__Lsfr12                                                   sfr12        00000
__Lsfr13                                                   sfr13        00000
__Lsfr14                                                   sfr14        00000
__Lsfr15                                                   sfr15        00000
__Lsfr16                                                   sfr16        00000
__Lsfr17                                                   sfr17        00000
__Lsfr18                                                   sfr18        00000
__Lsfr19                                                   sfr19        00000
__Lsfr2                                                    sfr2         00000
__Lsfr20                                                   sfr20        00000
__Lsfr21                                                   sfr21        00000
__Lsfr22                                                   sfr22        00000
__Lsfr23                                                   sfr23        00000
__Lsfr24                                                   sfr24        00000
__Lsfr25                                                   sfr25        00000
__Lsfr26                                                   sfr26        00000
__Lsfr27                                                   sfr27        00000
__Lsfr28                                                   sfr28        00000
__Lsfr29                                                   sfr29        00000
__Lsfr3                                                    sfr3         00000
__Lsfr30                                                   sfr30        00000
__Lsfr31                                                   sfr31        00000
__Lsfr4                                                    sfr4         00000
__Lsfr5                                                    sfr5         00000
__Lsfr6                                                    sfr6         00000
__Lsfr7                                                    sfr7         00000
__Lsfr8                                                    sfr8         00000
__Lsfr9                                                    sfr9         00000
__Lspace_0                                                 (abs)        00000
__Lspace_1                                                 (abs)        00000
__Lspace_2                                                 (abs)        00000
__Lspace_3                                                 (abs)        00000
__Lspace_4                                                 (abs)        00000
__Lstack                                                   stack        00000
__Lstrings                                                 strings      00000
__Lstringtext1                                             stringtext1  00000
__Lstringtext2                                             stringtext2  00000
__Lstringtext3                                             stringtext3  00000
__Lstringtext4                                             stringtext4  00000
__Lstringtext5                                             stringtext5  00000
__Ltext                                                    text         00000
__S0                                                       (abs)        0087F
__S1                                                       (abs)        00140
__S2                                                       (abs)        00000
__S3                                                       (abs)        00000
___daylight                                                bssBANK0     0004F
___gmt                                                     stringtext4  00830
___int_sp                                                  stack        00000
___latbits                                                 (abs)        00002
___month_to_secs@secs_through_month                        stringtext1  00800
___secs_to_tm@days_in_month                                stringtext3  00873
___sp                                                      stack        00000
___stackhi                                                 (abs)        023EF
___stacklo                                                 (abs)        020C0
___timezone                                                bssBANK0     00045
___tzname                                                  bssBANK0     0004D
__end_of_I2C1_CallbackReturnReset                          text41       002E9
__end_of_I2C1_CallbackReturnStop                           text42       002E7
__end_of_I2C1_Close                                        text59       004F1
__end_of_I2C1_DO_ADDRESS_NACK                              text18       005AF
__end_of_I2C1_DO_IDLE                                      text32       0031F
__end_of_I2C1_DO_RCEN                                      text27       0036A
__end_of_I2C1_DO_RESET                                     text19       00347
__end_of_I2C1_DO_RX                                        text28       00691
__end_of_I2C1_DO_RX_ACK                                    text22       00338
__end_of_I2C1_DO_RX_NACK_RESTART                           text20       00342
__end_of_I2C1_DO_RX_NACK_STOP                              text21       0033D
__end_of_I2C1_DO_SEND_ADR_READ                             text31       0038C
__end_of_I2C1_DO_SEND_ADR_WRITE                            text30       0037A
__end_of_I2C1_DO_SEND_RESTART                              text24       0032E
__end_of_I2C1_DO_SEND_RESTART_READ                         text26       00324
__end_of_I2C1_DO_SEND_RESTART_WRITE                        text25       00329
__end_of_I2C1_DO_SEND_STOP                                 text23       00333
__end_of_I2C1_DO_TX                                        text29       0077D
__end_of_I2C1_DO_TX_EMPTY                                  text33       005DE
__end_of_I2C1_Initialize                                   text67       00396
__end_of_I2C1_MasterClearIrq                               text62       002EC
__end_of_I2C1_MasterClose                                  text61       002EF
__end_of_I2C1_MasterDisableIrq                             text60       002F2
__end_of_I2C1_MasterEnableRestart                          text57       002F8
__end_of_I2C1_MasterFsm                                    text17       00583
__end_of_I2C1_MasterGetRxData                              text38       00301
__end_of_I2C1_MasterIsNack                                 text35       00357
__end_of_I2C1_MasterOpen                                   text12       003E2
__end_of_I2C1_MasterOperation                              text14       00510
__end_of_I2C1_MasterSendAck                                text37       00315
__end_of_I2C1_MasterSendNack                               text39       00311
__end_of_I2C1_MasterSendTxData                             text36       0031A
__end_of_I2C1_MasterSetIrq                                 text34       00304
__end_of_I2C1_MasterStart                                  text58       002F5
__end_of_I2C1_MasterStartRx                                text40       002FE
__end_of_I2C1_MasterStop                                   text56       002FB
__end_of_I2C1_MasterWaitForEvent                           text16       0035D
__end_of_I2C1_MasterWrite                                  text13       0034C
__end_of_I2C1_Open                                         text11       0064B
__end_of_I2C1_Poller                                       text15       003C7
__end_of_I2C1_SetAddressNackCallback                       text10       003D4
__end_of_I2C1_SetBuffer                                    text55       003F2
__end_of_I2C1_SetCallback                                  text54       00558
__end_of_I2C1_SetDataCompleteCallback                      text53       003BA
__end_of_OSCILLATOR_Initialize                             text66       00383
__end_of_PIN_MANAGER_Initialize                            text65       006D8
__end_of_PMD_Initialize                                    text64       00372
__end_of_SYSTEM_Initialize                                 text4        0048D
__end_of_TMR0_HasOverflowOccured                           text3        00351
__end_of_TMR0_Initialize                                   text63       003AD
__end_of_TMR0_StartTimer                                   text2        00307
__end_of_TMR0_StopTimer                                    text1        0030A
__end_of___gmt                                             stringtext4  00834
__end_of___month_to_secs@secs_through_month                stringtext1  00830
__end_of___secs_to_tm@days_in_month                        stringtext3  0087F
__end_of__initialization                                   cinit        007FD
__end_of_i2c1_fsmStateTable                                stringtext2  00873
__end_of_i2c_read1ByteRegister                             text9        00728
__end_of_i2c_write1ByteRegister                            text7        00611
__end_of_main                                              maintext     00532
__end_of_rd1RegCompleteHandler                             text50       00425
__end_of_rd1RegCompleteHandler@i2c1_master_example$F143    text46       00458
__end_of_rd2RegCompleteHandler                             text49       00436
__end_of_rd2RegCompleteHandler@i2c1_master_example$F154    text45       00469
__end_of_rdBlkRegCompleteHandler                           text47       004A5
__end_of_rdBlkRegCompleteHandler@i2c1_master_example$F177  text43       004BD
__end_of_rtc6_Initialize                                   text5        007D9
__end_of_rtcc_read                                         text8        003A1
__end_of_rtcc_write                                        text6        004D5
__end_of_wr1RegCompleteHandler                             text51       00414
__end_of_wr1RegCompleteHandler@i2c1_master_example$F160    text44       0047A
__end_of_wr2RegCompleteHandler                             text48       00447
__end_of_wr2RegCompleteHandler@i2c1_master_example$F166    text52       00403
__initialization                                           cinit        007D9
__pbssBANK0                                                bssBANK0     00020
__pbssBANK1                                                bssBANK1     000A0
__pbssBANK2                                                bssBANK2     00120
__pcstackBANK0                                             cstackBANK0  00059
__pcstackCOMMON                                            cstackCOMMON 00070
__pdataBANK0                                               dataBANK0    0006A
__pidataBANK0                                              idataBANK0   0030A
__pmaintext                                                maintext     00510
__pstringtext1                                             stringtext1  00800
__pstringtext2                                             stringtext2  00853
__pstringtext3                                             stringtext3  00873
__pstringtext4                                             stringtext4  00830
__pstringtext5                                             stringtext5  00000
__ptext1                                                   text1        00307
__ptext10                                                  text10       003C7
__ptext11                                                  text11       00611
__ptext12                                                  text12       003D4
__ptext13                                                  text13       00347
__ptext14                                                  text14       004F1
__ptext15                                                  text15       003BA
__ptext16                                                  text16       00357
__ptext17                                                  text17       00558
__ptext18                                                  text18       00583
__ptext19                                                  text19       00342
__ptext2                                                   text2        00304
__ptext20                                                  text20       0033D
__ptext21                                                  text21       00338
__ptext22                                                  text22       00333
__ptext23                                                  text23       0032E
__ptext24                                                  text24       00329
__ptext25                                                  text25       00324
__ptext26                                                  text26       0031F
__ptext27                                                  text27       00363
__ptext28                                                  text28       0064B
__ptext29                                                  text29       00728
__ptext3                                                   text3        0034C
__ptext30                                                  text30       00372
__ptext31                                                  text31       00383
__ptext32                                                  text32       0031A
__ptext33                                                  text33       005AF
__ptext34                                                  text34       00301
__ptext35                                                  text35       00351
__ptext36                                                  text36       00315
__ptext37                                                  text37       00311
__ptext38                                                  text38       002FE
__ptext39                                                  text39       0030D
__ptext4                                                   text4        0047A
__ptext40                                                  text40       002FB
__ptext41                                                  text41       002E7
__ptext42                                                  text42       002E5
__ptext43                                                  text43       004A5
__ptext44                                                  text44       00469
__ptext45                                                  text45       00458
__ptext46                                                  text46       00447
__ptext47                                                  text47       0048D
__ptext48                                                  text48       00436
__ptext49                                                  text49       00425
__ptext5                                                   text5        0077D
__ptext50                                                  text50       00414
__ptext51                                                  text51       00403
__ptext52                                                  text52       003F2
__ptext53                                                  text53       003AD
__ptext54                                                  text54       00532
__ptext55                                                  text55       003E2
__ptext56                                                  text56       002F8
__ptext57                                                  text57       002F5
__ptext58                                                  text58       002F2
__ptext59                                                  text59       004D5
__ptext6                                                   text6        004BD
__ptext60                                                  text60       002EF
__ptext61                                                  text61       002EC
__ptext62                                                  text62       002E9
__ptext63                                                  text63       003A1
__ptext64                                                  text64       0036A
__ptext65                                                  text65       00691
__ptext66                                                  text66       0037A
__ptext67                                                  text67       0038C
__ptext7                                                   text7        005DE
__ptext8                                                   text8        00396
__ptext9                                                   text9        006D8
__size_of_I2C1_CallbackReturnReset                         (abs)        00000
__size_of_I2C1_CallbackReturnStop                          (abs)        00000
__size_of_I2C1_Close                                       (abs)        00000
__size_of_I2C1_DO_ADDRESS_NACK                             (abs)        00000
__size_of_I2C1_DO_IDLE                                     (abs)        00000
__size_of_I2C1_DO_RCEN                                     (abs)        00000
__size_of_I2C1_DO_RESET                                    (abs)        00000
__size_of_I2C1_DO_RX                                       (abs)        00000
__size_of_I2C1_DO_RX_ACK                                   (abs)        00000
__size_of_I2C1_DO_RX_NACK_RESTART                          (abs)        00000
__size_of_I2C1_DO_RX_NACK_STOP                             (abs)        00000
__size_of_I2C1_DO_SEND_ADR_READ                            (abs)        00000
__size_of_I2C1_DO_SEND_ADR_WRITE                           (abs)        00000
__size_of_I2C1_DO_SEND_RESTART                             (abs)        00000
__size_of_I2C1_DO_SEND_RESTART_READ                        (abs)        00000
__size_of_I2C1_DO_SEND_RESTART_WRITE                       (abs)        00000
__size_of_I2C1_DO_SEND_STOP                                (abs)        00000
__size_of_I2C1_DO_TX                                       (abs)        00000
__size_of_I2C1_DO_TX_EMPTY                                 (abs)        00000
__size_of_I2C1_Initialize                                  (abs)        00000
__size_of_I2C1_MasterClearIrq                              (abs)        00000
__size_of_I2C1_MasterClose                                 (abs)        00000
__size_of_I2C1_MasterDisableIrq                            (abs)        00000
__size_of_I2C1_MasterEnableRestart                         (abs)        00000
__size_of_I2C1_MasterFsm                                   (abs)        00000
__size_of_I2C1_MasterGetRxData                             (abs)        00000
__size_of_I2C1_MasterIsNack                                (abs)        00000
__size_of_I2C1_MasterOpen                                  (abs)        00000
__size_of_I2C1_MasterOperation                             (abs)        00000
__size_of_I2C1_MasterSendAck                               (abs)        00000
__size_of_I2C1_MasterSendNack                              (abs)        00000
__size_of_I2C1_MasterSendTxData                            (abs)        00000
__size_of_I2C1_MasterSetIrq                                (abs)        00000
__size_of_I2C1_MasterStart                                 (abs)        00000
__size_of_I2C1_MasterStartRx                               (abs)        00000
__size_of_I2C1_MasterStop                                  (abs)        00000
__size_of_I2C1_MasterWaitForEvent                          (abs)        00000
__size_of_I2C1_MasterWrite                                 (abs)        00000
__size_of_I2C1_Open                                        (abs)        00000
__size_of_I2C1_Poller                                      (abs)        00000
__size_of_I2C1_SetAddressNackCallback                      (abs)        00000
__size_of_I2C1_SetBuffer                                   (abs)        00000
__size_of_I2C1_SetCallback                                 (abs)        00000
__size_of_I2C1_SetDataCompleteCallback                     (abs)        00000
__size_of_OSCILLATOR_Initialize                            (abs)        00000
__size_of_PIN_MANAGER_Initialize                           (abs)        00000
__size_of_PMD_Initialize                                   (abs)        00000
__size_of_SYSTEM_Initialize                                (abs)        00000
__size_of_TMR0_HasOverflowOccured                          (abs)        00000
__size_of_TMR0_Initialize                                  (abs)        00000
__size_of_TMR0_StartTimer                                  (abs)        00000
__size_of_TMR0_StopTimer                                   (abs)        00000
__size_of_i2c_read1ByteRegister                            (abs)        00000
__size_of_i2c_write1ByteRegister                           (abs)        00000
__size_of_main                                             (abs)        00000
__size_of_rd1RegCompleteHandler                            (abs)        00000
__size_of_rd1RegCompleteHandler@i2c1_master_example$F143   (abs)        00000
__size_of_rd2RegCompleteHandler                            (abs)        00000
__size_of_rd2RegCompleteHandler@i2c1_master_example$F154   (abs)        00000
__size_of_rdBlkRegCompleteHandler                          (abs)        00000
__size_of_rdBlkRegCompleteHandler@i2c1_master_example$F177 (abs)        00000
__size_of_rtc6_Initialize                                  (abs)        00000
__size_of_rtcc_read                                        (abs)        00000
__size_of_rtcc_write                                       (abs)        00000
__size_of_wr1RegCompleteHandler                            (abs)        00000
__size_of_wr1RegCompleteHandler@i2c1_master_example$F160   (abs)        00000
__size_of_wr2RegCompleteHandler                            (abs)        00000
__size_of_wr2RegCompleteHandler@i2c1_master_example$F166   (abs)        00000
_dateTime                                                  bssBANK1     000A0
_dst_name                                                  bssBANK1     000E1
_dst_off                                                   bssBANK1     000B2
_errno                                                     bssBANK0     00051
_i2c1_fsmStateTable                                        stringtext2  00853
_i2c_read1ByteRegister                                     text9        006D8
_i2c_write1ByteRegister                                    text7        005DE
_lock                                                      bssBANK1     000AE
_main                                                      maintext     00510
_r0                                                        bssBANK1     000D7
_r1                                                        bssBANK1     000CD
_rd1RegCompleteHandler                                     text50       00414
_rd1RegCompleteHandler@i2c1_master_example$F143            text46       00447
_rd2RegCompleteHandler                                     text49       00425
_rd2RegCompleteHandler@i2c1_master_example$F154            text45       00458
_rdBlkRegCompleteHandler                                   text47       0048D
_rdBlkRegCompleteHandler@i2c1_master_example$F177          text43       004A5
_rtc6_Initialize                                           text5        0077D
_rtcc_read                                                 text8        00396
_rtcc_write                                                text6        004BD
_std_name                                                  bssBANK1     000E8
_wr1RegCompleteHandler                                     text51       00403
_wr1RegCompleteHandler@i2c1_master_example$F160            text44       00469
_wr2RegCompleteHandler                                     text48       00436
_wr2RegCompleteHandler@i2c1_master_example$F166            text52       003F2
btemp                                                      (abs)        0007E
clear_ram0                                                 clrtext      0035D
end_of_initialization                                      cinit        007FD
i2c_read1ByteRegister@address                              cstackBANK0  00060
i2c_read1ByteRegister@d2                                   cstackBANK0  00064
i2c_read1ByteRegister@e                                    cstackBANK0  00061
i2c_read1ByteRegister@reg                                  cstackBANK0  0005E
[...]


 *************** function _I2C1_MasterStop *****************
 Defined at:
		line 593 in file "mcc_generated_files/i2c1_master.c"
 Parameters:    Size  Location     Type
		None
 Auto vars:     Size  Location     Type
		None
 Return value:  Size  Location     Type
                  1    wreg      void 
 Registers used:
		None
 Tracked objects:
		On entry : 
		On exit  : 
		Unchanged: 
 Data sizes:     COMMON   BANK0   BANK1   BANK2   BANK3   BANK4   BANK5   BANK6   BANK7   BANK8   BANK9  BANK10  BANK11  BANK12
      Params:         0       0       0       0       0       0       0       0       0       0       0       0       0       0
      Locals:         0       0       0       0       0       0       0       0       0       0       0       0       0       0
      Temps:          0       0       0       0       0       0       0       0       0       0       0       0       0       0
      Totals:         0       0       0       0       0       0       0       0       0       0       0       0       0       0
Total ram usage:        0 bytes
 Hardware stack levels used:    1
 This function calls:
		Nothing
 This function is called by:
		_I2C1_DO_SEND_STOP
 This function uses a non-reentrant model


 *************** function _I2C1_MasterEnableRestart *****************
 Defined at:
		line 573 in file "mcc_generated_files/i2c1_master.c"
 Parameters:    Size  Location     Type
		None
 Auto vars:     Size  Location     Type
		None
 Return value:  Size  Location     Type
                  1    wreg      void 
 Registers used:
		None
 Tracked objects:
		On entry : 
		On exit  : 
		Unchanged: 
 Data sizes:     COMMON   BANK0   BANK1   BANK2   BANK3   BANK4   BANK5   BANK6   BANK7   BANK8   BANK9  BANK10  BANK11  BANK12
      Params:         0       0       0       0       0       0       0       0       0       0       0       0       0       0
      Locals:         0       0       0       0       0       0       0       0       0       0       0       0       0       0
      Temps:          0       0       0       0       0       0       0       0       0       0       0       0       0       0
      Totals:         0       0       0       0       0       0       0       0       0       0       0       0       0       0
Total ram usage:        0 bytes
 Hardware stack levels used:    1
 This function calls:
		Nothing
 This function is called by:
		_I2C1_DO_SEND_RESTART_READ
		_I2C1_DO_SEND_RESTART_WRITE
		_I2C1_DO_SEND_RESTART
		_I2C1_DO_RX_EMPTY
 This function uses a non-reentrant model


 *************** function _I2C1_MasterStart *****************
 Defined at:
		line 588 in file "mcc_generated_files/i2c1_master.c"
 Parameters:    Size  Location     Type
		None
 Auto vars:     Size  Location     Type
		None
 Return value:  Size  Location     Type
                  1    wreg      void 
 Registers used:
		None
 Tracked objects:
		On entry : 
		On exit  : 
		Unchanged: 
 Data sizes:     COMMON   BANK0   BANK1   BANK2   BANK3   BANK4   BANK5   BANK6   BANK7   BANK8   BANK9  BANK10  BANK11  BANK12
      Params:         0       0       0       0       0       0       0       0       0       0       0       0       0       0
      Locals:         0       0       0       0       0       0       0       0       0       0       0       0       0       0
      Temps:          0       0       0       0       0       0       0       0       0       0       0       0       0       0
      Totals:         0       0       0       0       0       0       0       0       0       0       0       0       0       0
Total ram usage:        0 bytes
 Hardware stack levels used:    1
 This function calls:
		Nothing
 This function is called by:
		_I2C1_MasterOperation
 This function uses a non-reentrant model


 *************** function _I2C1_Close *****************
 Defined at:
		line 209 in file "mcc_generated_files/i2c1_master.c"
 Parameters:    Size  Location     Type
		None
 Auto vars:     Size  Location     Type
  returnValue     1    1[COMMON] enum E355
 Return value:  Size  Location     Type
                  1    wreg      enum E355
 Registers used:
		wreg, status,2, status,0, pclath, cstack
 Tracked objects:
		On entry : 
		On exit  : 
		Unchanged: 
 Data sizes:     COMMON   BANK0   BANK1   BANK2   BANK3   BANK4   BANK5   BANK6   BANK7   BANK8   BANK9  BANK10  BANK11  BANK12
      Params:         0       0       0       0       0       0       0       0       0       0       0       0       0       0
      Locals:         1       0       0       0       0       0       0       0       0       0       0       0       0       0
      Temps:          1       0       0       0       0       0       0       0       0       0       0       0       0       0
      Totals:         2       0       0       0       0       0       0       0       0       0       0       0       0       0
Total ram usage:        2 bytes
 Hardware stack levels used:    1
 Hardware stack levels required when called:    1
 This function calls:
		_I2C1_MasterClearIrq
		_I2C1_MasterClose
		_I2C1_MasterDisableIrq
 This function is called by:
		_i2c_write1ByteRegister
		_i2c_read1ByteRegister
		_i2c_writeNBytes
		_i2c_read2ByteRegister
		_i2c_write2ByteRegister
		_i2c_readDataBlock
		_i2c_readNBytes
		_I2C1_Read1ByteRegister
		_I2C1_Read2ByteRegister
		_I2C1_Write1ByteRegister
		_I2C1_Write2ByteRegister
		_I2C1_WriteNBytes
		_I2C1_ReadNBytes
		_I2C1_ReadDataBlock
 This function uses a non-reentrant model


 *************** function _I2C1_MasterDisableIrq *****************
 Defined at:
		line 635 in file "mcc_generated_files/i2c1_master.c"
 Parameters:    Size  Location     Type
		None
 Auto vars:     Size  Location     Type
		None
 Return value:  Size  Location     Type
                  1    wreg      void 
 Registers used:
		None
 Tracked objects:
		On entry : 
		On exit  : 
		Unchanged: 
 Data sizes:     COMMON   BANK0   BANK1   BANK2   BANK3   BANK4   BANK5   BANK6   BANK7   BANK8   BANK9  BANK10  BANK11  BANK12
      Params:         0       0       0       0       0       0       0       0       0       0       0       0       0       0
      Locals:         0       0       0       0       0       0       0       0       0       0       0       0       0       0
      Temps:          0       0       0       0       0       0       0       0       0       0       0       0       0       0
      Totals:         0       0       0       0       0       0       0       0       0       0       0       0       0       0
Total ram usage:        0 bytes
 Hardware stack levels used:    1
 This function calls:
		Nothing
 This function is called by:
		_I2C1_Close
		_I2C1_SetTimeOut
 This function uses a non-reentrant model


 *************** function _I2C1_MasterClose *****************
 Defined at:
		line 557 in file "mcc_generated_files/i2c1_master.c"
 Parameters:    Size  Location     Type
		None
 Auto vars:     Size  Location     Type
		None
 Return value:  Size  Location     Type
                  1    wreg      void 
 Registers used:
		None
 Tracked objects:
		On entry : 
		On exit  : 
		Unchanged: 
 Data sizes:     COMMON   BANK0   BANK1   BANK2   BANK3   BANK4   BANK5   BANK6   BANK7   BANK8   BANK9  BANK10  BANK11  BANK12
      Params:         0       0       0       0       0       0       0       0       0       0       0       0       0       0
      Locals:         0       0       0       0       0       0       0       0       0       0       0       0       0       0
      Temps:          0       0       0       0       0       0       0       0       0       0       0       0       0       0
      Totals:         0       0       0       0       0       0       0       0       0       0       0       0       0       0
Total ram usage:        0 bytes
 Hardware stack levels used:    1
 This function calls:
		Nothing
 This function is called by:
		_I2C1_Close
 This function uses a non-reentrant model


 *************** function _I2C1_MasterClearIrq *****************
 Defined at:
		line 640 in file "mcc_generated_files/i2c1_master.c"
 Parameters:    Size  Location     Type
		None
 Auto vars:     Size  Location     Type
		None
 Return value:  Size  Location     Type
                  1    wreg      void 
 Registers used:
		None
 Tracked objects:
		On entry : 
		On exit  : 
		Unchanged: 
 Data sizes:     COMMON   BANK0   BANK1   BANK2   BANK3   BANK4   BANK5   BANK6   BANK7   BANK8   BANK9  BANK10  BANK11  BANK12
      Params:         0       0       0       0       0       0       0       0       0       0       0       0       0       0
      Locals:         0       0       0       0       0       0       0       0       0       0       0       0       0       0
      Temps:          0       0       0       0       0       0       0       0       0       0       0       0       0       0
      Totals:         0       0       0       0       0       0       0       0       0       0       0       0       0       0
Total ram usage:        0 bytes
 Hardware stack levels used:    1
 This function calls:
		Nothing
 This function is called by:
		_I2C1_Open
		_I2C1_Close
		_I2C1_MasterFsm
 This function uses a non-reentrant model


 *************** function _TMR0_Initialize *****************
 Defined at:
		line 60 in file "mcc_generated_files/tmr0.c"
 Parameters:    Size  Location     Type
		None
 Auto vars:     Size  Location     Type
		None
 Return value:  Size  Location     Type
                  1    wreg      void 
 Registers used:
		wreg, status,2
 Tracked objects:
		On entry : 
		On exit  : 
		Unchanged: 
 Data sizes:     COMMON   BANK0   BANK1   BANK2   BANK3   BANK4   BANK5   BANK6   BANK7   BANK8   BANK9  BANK10  BANK11  BANK12
      Params:         0       0       0       0       0       0       0       0       0       0       0       0       0       0
      Locals:         0       0       0       0       0       0       0       0       0       0       0       0       0       0
      Temps:          0       0       0       0       0       0       0       0       0       0       0       0       0       0
      Totals:         0       0       0       0       0       0       0       0       0       0       0       0       0       0
Total ram usage:        0 bytes
 Hardware stack levels used:    1
 This function calls:
		Nothing
 This function is called by:
		_SYSTEM_Initialize
 This function uses a non-reentrant model


 *************** function _PMD_Initialize *****************
 Defined at:
		line 74 in file "mcc_generated_files/mcc.c"
 Parameters:    Size  Location     Type
		None
 Auto vars:     Size  Location     Type
		None
 Return value:  Size  Location     Type
                  1    wreg      void 
 Registers used:
		status,2
 Tracked objects:
		On entry : 
		On exit  : 
		Unchanged: 
 Data sizes:     COMMON   BANK0   BANK1   BANK2   BANK3   BANK4   BANK5   BANK6   BANK7   BANK8   BANK9  BANK10  BANK11  BANK12
      Params:         0       0       0       0       0       0       0       0       0       0       0       0       0       0
      Locals:         0       0       0       0       0       0       0       0       0       0       0       0       0       0
      Temps:          0       0       0       0       0       0       0       0       0       0       0       0       0       0
      Totals:         0       0       0       0       0       0       0       0       0       0       0       0       0       0
Total ram usage:        0 bytes
 Hardware stack levels used:    1
 This function calls:
		Nothing
 This function is called by:
		_SYSTEM_Initialize
 This function uses a non-reentrant model


 *************** function _PIN_MANAGER_Initialize *****************
 Defined at:
		line 55 in file "mcc_generated_files/pin_manager.c"
 Parameters:    Size  Location     Type
		None
 Auto vars:     Size  Location     Type
		None
 Return value:  Size  Location     Type
                  1    wreg      void 
 Registers used:
		wreg, status,2
 Tracked objects:
		On entry : 
		On exit  : 
		Unchanged: 
 Data sizes:     COMMON   BANK0   BANK1   BANK2   BANK3   BANK4   BANK5   BANK6   BANK7   BANK8   BANK9  BANK10  BANK11  BANK12
      Params:         0       0       0       0       0       0       0       0       0       0       0       0       0       0
      Locals:         0       0       0       0       0       0       0       0       0       0       0       0       0       0
      Temps:          0       0       0       0       0       0       0       0       0       0       0       0       0       0
      Totals:         0       0       0       0       0       0       0       0       0       0       0       0       0       0
Total ram usage:        0 bytes
 Hardware stack levels used:    1
 This function calls:
		Nothing
 This function is called by:
		_SYSTEM_Initialize
 This function uses a non-reentrant model


 *************** function _OSCILLATOR_Initialize *****************
 Defined at:
		line 60 in file "mcc_generated_files/mcc.c"
 Parameters:    Size  Location     Type
		None
 Auto vars:     Size  Location     Type
		None
 Return value:  Size  Location     Type
                  1    wreg      void 
 Registers used:
		wreg, status,2
 Tracked objects:
		On entry : 
		On exit  : 
		Unchanged: 
 Data sizes:     COMMON   BANK0   BANK1   BANK2   BANK3   BANK4   BANK5   BANK6   BANK7   BANK8   BANK9  BANK10  BANK11  BANK12
      Params:         0       0       0       0       0       0       0       0       0       0       0       0       0       0
      Locals:         0       0       0       0       0       0       0       0       0       0       0       0       0       0
      Temps:          0       0       0       0       0       0       0       0       0       0       0       0       0       0
      Totals:         0       0       0       0       0       0       0       0       0       0       0       0       0       0
Total ram usage:        0 bytes
 Hardware stack levels used:    1
 This function calls:
		Nothing
 This function is called by:
		_SYSTEM_Initialize
 This function uses a non-reentrant model


 *************** function _I2C1_Initialize *****************
 Defined at:
		line 167 in file "mcc_generated_files/i2c1_master.c"
 Parameters:    Size  Location     Type
		None
 Auto vars:     Size  Location     Type
		None
 Return value:  Size  Location     Type
                  1    wreg      void 
 Registers used:
		wreg, status,2
 Tracked objects:
		On entry : 
		On exit  : 
		Unchanged: 
 Data sizes:     COMMON   BANK0   BANK1   BANK2   BANK3   BANK4   BANK5   BANK6   BANK7   BANK8   BANK9  BANK10  BANK11  BANK12
      Params:         0       0       0       0       0       0       0       0       0       0       0       0       0       0
      Locals:         0       0       0       0       0       0       0       0       0       0       0       0       0       0
      Temps:          0       0       0       0       0       0       0       0       0       0       0       0       0       0
      Totals:         0       0       0       0       0       0       0       0       0       0       0       0       0       0
Total ram usage:        0 bytes
 Hardware stack levels used:    1
 This function calls:
		Nothing
 This function is called by:
		_SYSTEM_Initialize
 This function uses a non-reentrant model



MODULE INFORMATION

Module		Function		Class		Link	Load	Size
mcc_generated_files/examples/i2c1_master_example.c
		_rdBlkRegCompleteHandler@i2c1_master_example$F177		CODE           	04A5	0000	24
		_rd1RegCompleteHandler@i2c1_master_example$F143		CODE           	0447	0000	17
		_rd2RegCompleteHandler@i2c1_master_example$F154		CODE           	0458	0000	17
		_wr1RegCompleteHandler@i2c1_master_example$F160		CODE           	0469	0000	17
		_wr2RegCompleteHandler@i2c1_master_example$F166		CODE           	03F2	0000	17

mcc_generated_files/examples/i2c1_master_example.c estimated size: 92

mcc_generated_files/i2c1_master.c
		_I2C1_DO_SEND_RESTART		CODE           	0329	0000	5
		_I2C1_DO_TX_EMPTY		CODE           	05AF	0000	47
		_I2C1_DO_SEND_RESTART_READ		CODE           	031F	0000	5
		_I2C1_CallbackReturnStop		CODE           	02E5	0000	2
		_I2C1_DO_RX    		CODE           	064B	0000	70
		_I2C1_DO_TX    		CODE           	0728	0000	85
		_I2C1_SetAddressNackCallback		CODE           	03C7	0000	13
		_I2C1_DO_IDLE  		CODE           	031A	0000	5
		_I2C1_MasterOpen		CODE           	03D4	0000	14
		_I2C1_DO_RCEN  		CODE           	0363	0000	7
		_I2C1_MasterSendTxData		CODE           	0315	0000	5
		_I2C1_MasterStop		CODE           	02F8	0000	3
		_I2C1_CallbackReturnReset		CODE           	02E7	0000	2
		_I2C1_DO_RESET 		CODE           	0342	0000	5
		_I2C1_MasterStartRx		CODE           	02FB	0000	3
		_I2C1_Poller   		CODE           	03BA	0000	13
		_I2C1_DO_RX_ACK		CODE           	0333	0000	5
		_I2C1_MasterWaitForEvent		CODE           	0357	0000	6
		_I2C1_MasterSendNack		CODE           	030D	0000	4
		_I2C1_DO_RX_NACK_RESTART		CODE           	033D	0000	5
		_I2C1_MasterDisableIrq		CODE           	02EF	0000	3
		_I2C1_MasterOperation		CODE           	04F1	0000	31
		_I2C1_SetCallback		CODE           	0532	0000	38
		_I2C1_MasterEnableRestart		CODE           	02F5	0000	3
		_I2C1_Open     		CODE           	0611	0000	58
		_I2C1_DO_ADDRESS_NACK		CODE           	0583	0000	44
		_I2C1_SetBuffer		CODE           	03E2	0000	16
		_I2C1_DO_SEND_RESTART_WRITE		CODE           	0324	0000	5
		_I2C1_MasterClose		CODE           	02EC	0000	3
		_I2C1_MasterWrite		CODE           	0347	0000	5
		_I2C1_Initialize		CODE           	038C	0000	10
		_I2C1_Close    		CODE           	04D5	0000	28
		_I2C1_MasterIsNack		CODE           	0351	0000	6
		_I2C1_MasterStart		CODE           	02F2	0000	3
		_I2C1_DO_SEND_ADR_WRITE		CODE           	0372	0000	8
		_I2C1_MasterClearIrq		CODE           	02E9	0000	3
		_I2C1_SetDataCompleteCallback		CODE           	03AD	0000	13
		_I2C1_DO_SEND_STOP		CODE           	032E	0000	5
		_I2C1_MasterSendAck		CODE           	0311	0000	4
		_I2C1_MasterFsm		CODE           	0558	0000	43
		_I2C1_MasterGetRxData		CODE           	02FE	0000	3
		_I2C1_MasterSetIrq		CODE           	0301	0000	3
		_I2C1_DO_SEND_ADR_READ		CODE           	0383	0000	9
		_I2C1_DO_RX_NACK_STOP		CODE           	0338	0000	5

mcc_generated_files/i2c1_master.c estimated size: 653

mcc_generated_files/tmr0.c
		_TMR0_StopTimer		CODE           	0307	0000	3
		_TMR0_StartTimer		CODE           	0304	0000	3
		_TMR0_HasOverflowOccured		CODE           	034C	0000	5
		_TMR0_Initialize		CODE           	03A1	0000	12

mcc_generated_files/tmr0.c estimated size: 23

mcc_generated_files/pin_manager.c
		_PIN_MANAGER_Initialize		CODE           	0691	0000	71

mcc_generated_files/pin_manager.c estimated size: 71

mcc_generated_files/drivers/i2c_simple_master.c
		_wr1RegCompleteHandler		CODE           	0403	0000	17
		_wr2RegCompleteHandler		CODE           	0436	0000	17
		_i2c_write1ByteRegister		CODE           	05DE	0000	51
		_rdBlkRegCompleteHandler		CODE           	048D	0000	24
		_i2c_read1ByteRegister		CODE           	06D8	0000	80
		_rd1RegCompleteHandler		CODE           	0414	0000	17
		_rd2RegCompleteHandler		CODE           	0425	0000	17

mcc_generated_files/drivers/i2c_simple_master.c estimated size: 223

mcc_generated_files/RTC6.c
		_rtcc_write    		CODE           	04BD	0000	24
		_rtc6_Initialize		CODE           	077D	0000	92
		_rtcc_read     		CODE           	0396	0000	11

mcc_generated_files/RTC6.c estimated size: 127

shared
		___secs_to_tm@days_in_month		STRCODE        	0873	0000	12
		__initialization		CODE           	07D9	0000	36
		_i2c1_fsmStateTable		STRCODE        	0853	0000	32
		___month_to_secs@secs_through_month		STRCODE        	0800	0000	48
		___gmt         		STRCODE        	0830	0000	4

shared estimated size: 132

mcc_generated_files/mcc.c
		_PMD_Initialize		CODE           	036A	0000	8
		_OSCILLATOR_Initialize		CODE           	037A	0000	9
		_SYSTEM_Initialize		CODE           	047A	0000	19

mcc_generated_files/mcc.c estimated size: 36

main.c
		_main          		CODE           	0510	0000	34

main.c estimated size: 34

